Component: ARM Compiler 5.06 update 6 (build 750) Tool: armlink [4d35ed]

==============================================================================

Small function inlining results

Inlined total of 0 calls.

==============================================================================

Image Symbol Table

    Local Symbols

    Symbol Name                              Value     Ov Type        Size  Object(Section)

    RESET                                    0x00000000   Section      500  startup_m480.o(RESET)
    ../clib/microlib/division.c              0x00000000   Number         0  uldiv.o ABSOLUTE
    ../clib/microlib/division.c              0x00000000   Number         0  uidiv.o ABSOLUTE
    ../clib/microlib/init/entry.s            0x00000000   Number         0  entry2.o ABSOLUTE
    ../clib/microlib/init/entry.s            0x00000000   Number         0  entry11b.o ABSOLUTE
    ../clib/microlib/init/entry.s            0x00000000   Number         0  entry5.o ABSOLUTE
    ../clib/microlib/init/entry.s            0x00000000   Number         0  entry9a.o ABSOLUTE
    ../clib/microlib/init/entry.s            0x00000000   Number         0  entry9b.o ABSOLUTE
    ../clib/microlib/init/entry.s            0x00000000   Number         0  entry10b.o ABSOLUTE
    ../clib/microlib/init/entry.s            0x00000000   Number         0  entry10a.o ABSOLUTE
    ../clib/microlib/init/entry.s            0x00000000   Number         0  entry11a.o ABSOLUTE
    ../clib/microlib/init/entry.s            0x00000000   Number         0  entry.o ABSOLUTE
    ../clib/microlib/init/entry.s            0x00000000   Number         0  entry7a.o ABSOLUTE
    ../clib/microlib/init/entry.s            0x00000000   Number         0  entry7b.o ABSOLUTE
    ../clib/microlib/init/entry.s            0x00000000   Number         0  entry8a.o ABSOLUTE
    ../clib/microlib/init/entry.s            0x00000000   Number         0  entry8b.o ABSOLUTE
    ../clib/microlib/longlong.c              0x00000000   Number         0  llushr.o ABSOLUTE
    ../clib/microlib/longlong.c              0x00000000   Number         0  llshl.o ABSOLUTE
    ../clib/microlib/longlong.c              0x00000000   Number         0  llsshr.o ABSOLUTE
    ../clib/microlib/printf/printf.c         0x00000000   Number         0  printfa.o ABSOLUTE
    ../clib/microlib/printf/printf.c         0x00000000   Number         0  printf1.o ABSOLUTE
    ../clib/microlib/printf/printf.c         0x00000000   Number         0  printf8.o ABSOLUTE
    ../clib/microlib/printf/printf.c         0x00000000   Number         0  printf7.o ABSOLUTE
    ../clib/microlib/printf/printf.c         0x00000000   Number         0  printf0.o ABSOLUTE
    ../clib/microlib/printf/printf.c         0x00000000   Number         0  printf6.o ABSOLUTE
    ../clib/microlib/printf/printf.c         0x00000000   Number         0  printf5.o ABSOLUTE
    ../clib/microlib/printf/printf.c         0x00000000   Number         0  printf4.o ABSOLUTE
    ../clib/microlib/printf/printf.c         0x00000000   Number         0  printf3.o ABSOLUTE
    ../clib/microlib/printf/printf.c         0x00000000   Number         0  printfb.o ABSOLUTE
    ../clib/microlib/printf/printf.c         0x00000000   Number         0  printf2.o ABSOLUTE
    ../clib/microlib/printf/stubs.s          0x00000000   Number         0  stubs.o ABSOLUTE
    ../clib/microlib/stdlib/rand.c           0x00000000   Number         0  rand.o ABSOLUTE
    ../clib/microlib/string/memcpy.c         0x00000000   Number         0  memcpyb.o ABSOLUTE
    ../clib/microlib/string/memcpy.c         0x00000000   Number         0  memcpya.o ABSOLUTE
    ../clib/microlib/stubs.s                 0x00000000   Number         0  iusefp.o ABSOLUTE
    ../fplib/microlib/fpadd.c                0x00000000   Number         0  dadd.o ABSOLUTE
    ../fplib/microlib/fpdiv.c                0x00000000   Number         0  ddiv.o ABSOLUTE
    ../fplib/microlib/fpepilogue.c           0x00000000   Number         0  depilogue.o ABSOLUTE
    ../fplib/microlib/fpfix.c                0x00000000   Number         0  dfixul.o ABSOLUTE
    ../fplib/microlib/fpmul.c                0x00000000   Number         0  dmul.o ABSOLUTE
    ..\..\..\Library\Device\Nuvoton\M480\Source\ARM\startup_M480.s 0x00000000   Number         0  startup_m480.o ABSOLUTE
    ..\..\..\Library\Device\Nuvoton\M480\Source\system_M480.c 0x00000000   Number         0  system_m480.o ABSOLUTE
    ..\..\..\Library\StdDriver\src\clk.c     0x00000000   Number         0  clk.o ABSOLUTE
    ..\..\..\Library\StdDriver\src\eadc.c    0x00000000   Number         0  eadc.o ABSOLUTE
    ..\..\..\Library\StdDriver\src\gpio.c    0x00000000   Number         0  gpio.o ABSOLUTE
    ..\..\..\Library\StdDriver\src\pdma.c    0x00000000   Number         0  pdma.o ABSOLUTE
    ..\..\..\Library\StdDriver\src\retarget.c 0x00000000   Number         0  retarget.o ABSOLUTE
    ..\..\..\Library\StdDriver\src\spi.c     0x00000000   Number         0  spi.o ABSOLUTE
    ..\..\..\Library\StdDriver\src\sys.c     0x00000000   Number         0  sys.o ABSOLUTE
    ..\..\..\Library\StdDriver\src\timer.c   0x00000000   Number         0  timer.o ABSOLUTE
    ..\..\..\Library\StdDriver\src\uart.c    0x00000000   Number         0  uart.o ABSOLUTE
    ..\\..\\..\\Library\\Device\\Nuvoton\\M480\\Source\\system_M480.c 0x00000000   Number         0  system_m480.o ABSOLUTE
    ..\\..\\..\\Library\\StdDriver\\src\\clk.c 0x00000000   Number         0  clk.o ABSOLUTE
    ..\\..\\..\\Library\\StdDriver\\src\\eadc.c 0x00000000   Number         0  eadc.o ABSOLUTE
    ..\\..\\..\\Library\\StdDriver\\src\\gpio.c 0x00000000   Number         0  gpio.o ABSOLUTE
    ..\\..\\..\\Library\\StdDriver\\src\\pdma.c 0x00000000   Number         0  pdma.o ABSOLUTE
    ..\\..\\..\\Library\\StdDriver\\src\\retarget.c 0x00000000   Number         0  retarget.o ABSOLUTE
    ..\\..\\..\\Library\\StdDriver\\src\\spi.c 0x00000000   Number         0  spi.o ABSOLUTE
    ..\\..\\..\\Library\\StdDriver\\src\\sys.c 0x00000000   Number         0  sys.o ABSOLUTE
    ..\\..\\..\\Library\\StdDriver\\src\\timer.c 0x00000000   Number         0  timer.o ABSOLUTE
    ..\\..\\..\\Library\\StdDriver\\src\\uart.c 0x00000000   Number         0  uart.o ABSOLUTE
    ..\\main.c                               0x00000000   Number         0  main.o ABSOLUTE
    ..\main.c                                0x00000000   Number         0  main.o ABSOLUTE
    cdrcmple.s                               0x00000000   Number         0  cdrcmple.o ABSOLUTE
    handlers.s                               0x00000000   Number         0  handlers.o ABSOLUTE
    init.s                                   0x00000000   Number         0  init.o ABSOLUTE
    .ARM.Collect$$$$00000000                 0x000001f4   Section        0  entry.o(.ARM.Collect$$$$00000000)
    .ARM.Collect$$$$00000001                 0x000001f4   Section        4  entry2.o(.ARM.Collect$$$$00000001)
    .ARM.Collect$$$$00000004                 0x000001f8   Section        4  entry5.o(.ARM.Collect$$$$00000004)
    .ARM.Collect$$$$00000008                 0x000001fc   Section        0  entry7b.o(.ARM.Collect$$$$00000008)
    .ARM.Collect$$$$0000000A                 0x000001fc   Section        0  entry8b.o(.ARM.Collect$$$$0000000A)
    .ARM.Collect$$$$0000000B                 0x000001fc   Section        8  entry9a.o(.ARM.Collect$$$$0000000B)
    .ARM.Collect$$$$0000000D                 0x00000204   Section        0  entry10a.o(.ARM.Collect$$$$0000000D)
    .ARM.Collect$$$$0000000F                 0x00000204   Section        0  entry11a.o(.ARM.Collect$$$$0000000F)
    .ARM.Collect$$$$00002712                 0x00000204   Section        4  entry2.o(.ARM.Collect$$$$00002712)
    __lit__00000000                          0x00000204   Data           4  entry2.o(.ARM.Collect$$$$00002712)
    .emb_text                                0x00000208   Section       28  retarget.o(.emb_text)
    $v0                                      0x00000208   Number         0  retarget.o(.emb_text)
    .text                                    0x00000224   Section      104  startup_m480.o(.text)
    $v0                                      0x00000224   Number         0  startup_m480.o(.text)
    Default_Handler                          0x00000277   Thumb Code     2  startup_m480.o(.text)
    .text                                    0x0000028c   Section        0  rand.o(.text)
    .text                                    0x000002b0   Section        0  memcpya.o(.text)
    .text                                    0x000002d4   Section        0  uldiv.o(.text)
    .text                                    0x00000338   Section       36  init.o(.text)
    .text                                    0x0000035c   Section        0  llshl.o(.text)
    .text                                    0x0000037a   Section        0  llushr.o(.text)
    i.ADC_InitChannel                        0x0000039c   Section        0  main.o(i.ADC_InitChannel)
    i.ADC_ReadChannel                        0x00000418   Section        0  main.o(i.ADC_ReadChannel)
    i.CLK_DisablePLL                         0x0000046c   Section        0  clk.o(i.CLK_DisablePLL)
    i.CLK_EnableModuleClock                  0x00000480   Section        0  clk.o(i.CLK_EnableModuleClock)
    i.CLK_EnablePLL                          0x0000049c   Section        0  clk.o(i.CLK_EnablePLL)
    i.CLK_EnableXtalRC                       0x000005f0   Section        0  clk.o(i.CLK_EnableXtalRC)
    i.CLK_GetCPUFreq                         0x00000600   Section        0  clk.o(i.CLK_GetCPUFreq)
    i.CLK_GetHCLKFreq                        0x00000610   Section        0  clk.o(i.CLK_GetHCLKFreq)
    i.CLK_GetHXTFreq                         0x00000620   Section        0  clk.o(i.CLK_GetHXTFreq)
    i.CLK_GetLXTFreq                         0x00000634   Section        0  clk.o(i.CLK_GetLXTFreq)
    i.CLK_GetPCLK0Freq                       0x0000064c   Section        0  clk.o(i.CLK_GetPCLK0Freq)
    i.CLK_GetPCLK1Freq                       0x000006b0   Section        0  clk.o(i.CLK_GetPCLK1Freq)
    i.CLK_GetPLLClockFreq                    0x00000718   Section        0  clk.o(i.CLK_GetPLLClockFreq)
    i.CLK_SetCoreClock                       0x00000768   Section        0  clk.o(i.CLK_SetCoreClock)
    i.CLK_SetHCLK                            0x000007ec   Section        0  clk.o(i.CLK_SetHCLK)
    i.CLK_SetModuleClock                     0x00000850   Section        0  clk.o(i.CLK_SetModuleClock)
    i.CLK_WaitClockReady                     0x000008e4   Section        0  clk.o(i.CLK_WaitClockReady)
    i.CRC8                                   0x00000920   Section        0  main.o(i.CRC8)
    i.Custom_Init                            0x00000940   Section        0  main.o(i.Custom_Init)
    i.EADC00_IRQHandler                      0x00000988   Section        0  main.o(i.EADC00_IRQHandler)
    i.EADC_ConfigSampleModule                0x000009a4   Section        0  eadc.o(i.EADC_ConfigSampleModule)
    i.EADC_Open                              0x000009c4   Section        0  eadc.o(i.EADC_Open)
    i.EADC_SetExtendSampleTime               0x00000a04   Section        0  eadc.o(i.EADC_SetExtendSampleTime)
    i.GPIO_SetMode                           0x00000a1c   Section        0  gpio.o(i.GPIO_SetMode)
    i.GPIO_SetSlewCtl                        0x00000a48   Section        0  gpio.o(i.GPIO_SetSlewCtl)
    i.Hard_Fault_Handler                     0x00000a74   Section        0  retarget.o(i.Hard_Fault_Handler)
    __tagsym$$used                           0x00000a75   Number         0  retarget.o(i.Hard_Fault_Handler)
    i.NVIC_EnableIRQ                         0x00000a9c   Section        0  main.o(i.NVIC_EnableIRQ)
    NVIC_EnableIRQ                           0x00000a9d   Thumb Code    22  main.o(i.NVIC_EnableIRQ)
    i.PDMA_EnableInt                         0x00000ab2   Section        0  pdma.o(i.PDMA_EnableInt)
    i.PDMA_IRQHandler                        0x00000ae8   Section        0  main.o(i.PDMA_IRQHandler)
    i.PDMA_Open                              0x00000b34   Section        0  pdma.o(i.PDMA_Open)
    i.PDMA_SetBurstType                      0x00000b64   Section        0  pdma.o(i.PDMA_SetBurstType)
    i.PDMA_SetTransferAddr                   0x00000b7a   Section        0  pdma.o(i.PDMA_SetTransferAddr)
    i.PDMA_SetTransferCnt                    0x00000b9c   Section        0  pdma.o(i.PDMA_SetTransferCnt)
    i.PDMA_SetTransferMode                   0x00000bc0   Section        0  pdma.o(i.PDMA_SetTransferMode)
    i.SPI0_IRQHandler                        0x00000d00   Section        0  main.o(i.SPI0_IRQHandler)
    i.SPI_ClearRxFIFO                        0x00000d40   Section        0  spi.o(i.SPI_ClearRxFIFO)
    i.SPI_DisableAutoSS                      0x00000d4a   Section        0  spi.o(i.SPI_DisableAutoSS)
    i.SPI_EnableInt                          0x00000d54   Section        0  spi.o(i.SPI_EnableInt)
    i.SPI_Master_Init                        0x00000dd0   Section        0  main.o(i.SPI_Master_Init)
    i.SPI_Master_TX                          0x00000df8   Section        0  main.o(i.SPI_Master_TX)
    i.SPI_Open                               0x00000e30   Section        0  spi.o(i.SPI_Open)
    i.SPI_SetFIFO                            0x00001024   Section        0  spi.o(i.SPI_SetFIFO)
    i.SPI_Slave_Init                         0x00001038   Section        0  main.o(i.SPI_Slave_Init)
    i.SPI_Slave_Rx_PDMA_ClrBuffer            0x00001084   Section        0  main.o(i.SPI_Slave_Rx_PDMA_ClrBuffer)
    i.SPI_Slave_Rx_PDMA_Enable               0x00001094   Section        0  main.o(i.SPI_Slave_Rx_PDMA_Enable)
    i.SPI_Slave_Rx_PDMA_Init                 0x000010f4   Section        0  main.o(i.SPI_Slave_Rx_PDMA_Init)
    i.SYS_Init                               0x0000117c   Section        0  main.o(i.SYS_Init)
    i.SYS_ResetModule                        0x000012dc   Section        0  sys.o(i.SYS_ResetModule)
    i.SYS_SetVRef                            0x000012f4   Section        0  sys.o(i.SYS_SetVRef)
    i.SendChar                               0x00001304   Section        0  retarget.o(i.SendChar)
    SendChar                                 0x00001305   Thumb Code    26  retarget.o(i.SendChar)
    i.SystemCoreClockUpdate                  0x00001324   Section        0  system_m480.o(i.SystemCoreClockUpdate)
    i.SystemInit                             0x0000136c   Section        0  system_m480.o(i.SystemInit)
    i.TIMER1_Init                            0x000013e4   Section        0  main.o(i.TIMER1_Init)
    i.TIMER_GetModuleClock                   0x00001414   Section        0  timer.o(i.TIMER_GetModuleClock)
    i.TIMER_Open                             0x0000148c   Section        0  timer.o(i.TIMER_Open)
    i.TMR1_IRQHandler                        0x000014c4   Section        0  main.o(i.TMR1_IRQHandler)
    i.UART0_IRQHandler                       0x00001508   Section        0  main.o(i.UART0_IRQHandler)
    i.UART0_Init                             0x0000153c   Section        0  main.o(i.UART0_Init)
    i.UART_ClearIntFlag                      0x00001644   Section        0  uart.o(i.UART_ClearIntFlag)
    i.UART_Open                              0x00001680   Section        0  uart.o(i.UART_Open)
    i.UART_SetTimeoutCnt                     0x00001798   Section        0  uart.o(i.UART_SetTimeoutCnt)
    i.UARTx_Process                          0x000017ac   Section        0  main.o(i.UARTx_Process)
    i.__0printf$8                            0x00001814   Section        0  printf8.o(i.__0printf$8)
    i.__scatterload_copy                     0x00001834   Section       14  handlers.o(i.__scatterload_copy)
    i.__scatterload_null                     0x00001842   Section        2  handlers.o(i.__scatterload_null)
    i.__scatterload_zeroinit                 0x00001844   Section       14  handlers.o(i.__scatterload_zeroinit)
    i._printf_core                           0x00001854   Section        0  printf8.o(i._printf_core)
    _printf_core                             0x00001855   Thumb Code   996  printf8.o(i._printf_core)
    i._printf_post_padding                   0x00001c64   Section        0  printf8.o(i._printf_post_padding)
    _printf_post_padding                     0x00001c65   Thumb Code    36  printf8.o(i._printf_post_padding)
    i._printf_pre_padding                    0x00001c88   Section        0  printf8.o(i._printf_pre_padding)
    _printf_pre_padding                      0x00001c89   Thumb Code    46  printf8.o(i._printf_pre_padding)
    i.compare_buffer                         0x00001cb8   Section        0  main.o(i.compare_buffer)
    i.dump_buffer_hex                        0x00001d40   Section        0  main.o(i.dump_buffer_hex)
    i.fputc                                  0x00001dcc   Section        0  retarget.o(i.fputc)
    i.generate_random_SPI_TX_data            0x00001dd8   Section        0  main.o(i.generate_random_SPI_TX_data)
    i.loop                                   0x00001e54   Section        0  main.o(i.loop)
    i.main                                   0x00001eac   Section        0  main.o(i.main)
    i.prepare_seed                           0x00001ed8   Section        0  main.o(i.prepare_seed)
    i.random                                 0x00001efc   Section        0  main.o(i.random)
    i.reset_buffer                           0x00001f24   Section        0  main.o(i.reset_buffer)
    i.rng                                    0x00001f34   Section        0  main.o(i.rng)
    i.stackDump                              0x00001f60   Section        0  retarget.o(i.stackDump)
    stackDump                                0x00001f61   Thumb Code    72  retarget.o(i.stackDump)
    i.tick_counter                           0x00002008   Section        0  main.o(i.tick_counter)
    .constdata                               0x00002018   Section       48  uart.o(.constdata)
    .constdata                               0x00002048   Section       32  timer.o(.constdata)
    .constdata                               0x00002068   Section      271  main.o(.constdata)
    __FUNCTION__                             0x00002168   Data          15  main.o(.constdata)
    .conststring                             0x00002178   Section      138  main.o(.conststring)
    .data                                    0x20000000   Section       44  system_m480.o(.data)
    .data                                    0x2000002c   Section        4  retarget.o(.data)
    .data                                    0x20000030   Section        4  clk.o(.data)
    .data                                    0x20000034   Section        4  eadc.o(.data)
    .data                                    0x20000038   Section       20  main.o(.data)
    .data                                    0x2000004c   Section        4  rand.o(.data)
    _rand_state                              0x2000004c   Data           4  rand.o(.data)
    .bss                                     0x20000050   Section       16  pdma.o(.bss)
    u32ChSelect                              0x20000050   Data          16  pdma.o(.bss)
    .bss                                     0x20000060   Section      128  main.o(.bss)
    STACK                                    0x200000e0   Section     2048  startup_m480.o(STACK)

    Global Symbols

    Symbol Name                              Value     Ov Type        Size  Object(Section)

    BuildAttributes$$THM_ISAv4$E$P$D$K$B$S$7EM$VFPi3$EXTD16$VFPS$VFMA$PE$A:L22UL41UL21$X:L11$S22US41US21$IEEE1$IW$USESV6$~STKCKD$USESV7$~SHL$OSPACE$ROPI$EBA8$MICROLIB$REQ8$PRES8$EABIv2 0x00000000   Number         0  anon$$obj.o ABSOLUTE
    __ARM_use_no_argv                        0x00000000   Number         0  main.o ABSOLUTE
    __Vectors                                0x00000000   Data           4  startup_m480.o(RESET)
    _printf_a                                0x00000000   Number         0  stubs.o ABSOLUTE
    _printf_c                                0x00000000   Number         0  stubs.o ABSOLUTE
    _printf_charcount                        0x00000000   Number         0  stubs.o ABSOLUTE
    _printf_d                                0x00000000   Number         0  stubs.o ABSOLUTE
    _printf_e                                0x00000000   Number         0  stubs.o ABSOLUTE
    _printf_f                                0x00000000   Number         0  stubs.o ABSOLUTE
    _printf_flags                            0x00000000   Number         0  stubs.o ABSOLUTE
    _printf_fp_dec                           0x00000000   Number         0  stubs.o ABSOLUTE
    _printf_fp_hex                           0x00000000   Number         0  stubs.o ABSOLUTE
    _printf_g                                0x00000000   Number         0  stubs.o ABSOLUTE
    _printf_i                                0x00000000   Number         0  stubs.o ABSOLUTE
    _printf_int_dec                          0x00000000   Number         0  stubs.o ABSOLUTE
    _printf_l                                0x00000000   Number         0  stubs.o ABSOLUTE
    _printf_lc                               0x00000000   Number         0  stubs.o ABSOLUTE
    _printf_ll                               0x00000000   Number         0  stubs.o ABSOLUTE
    _printf_lld                              0x00000000   Number         0  stubs.o ABSOLUTE
    _printf_lli                              0x00000000   Number         0  stubs.o ABSOLUTE
    _printf_llo                              0x00000000   Number         0  stubs.o ABSOLUTE
    _printf_llu                              0x00000000   Number         0  stubs.o ABSOLUTE
    _printf_llx                              0x00000000   Number         0  stubs.o ABSOLUTE
    _printf_longlong_dec                     0x00000000   Number         0  stubs.o ABSOLUTE
    _printf_longlong_hex                     0x00000000   Number         0  stubs.o ABSOLUTE
    _printf_longlong_oct                     0x00000000   Number         0  stubs.o ABSOLUTE
    _printf_ls                               0x00000000   Number         0  stubs.o ABSOLUTE
    _printf_mbtowc                           0x00000000   Number         0  stubs.o ABSOLUTE
    _printf_n                                0x00000000   Number         0  stubs.o ABSOLUTE
    _printf_o                                0x00000000   Number         0  stubs.o ABSOLUTE
    _printf_p                                0x00000000   Number         0  stubs.o ABSOLUTE
    _printf_percent                          0x00000000   Number         0  stubs.o ABSOLUTE
    _printf_pre_padding                      0x00000000   Number         0  stubs.o ABSOLUTE
    _printf_return_value                     0x00000000   Number         0  stubs.o ABSOLUTE
    _printf_s                                0x00000000   Number         0  stubs.o ABSOLUTE
    _printf_sizespec                         0x00000000   Number         0  stubs.o ABSOLUTE
    _printf_str                              0x00000000   Number         0  stubs.o ABSOLUTE
    _printf_truncate_signed                  0x00000000   Number         0  stubs.o ABSOLUTE
    _printf_truncate_unsigned                0x00000000   Number         0  stubs.o ABSOLUTE
    _printf_u                                0x00000000   Number         0  stubs.o ABSOLUTE
    _printf_wc                               0x00000000   Number         0  stubs.o ABSOLUTE
    _printf_wctomb                           0x00000000   Number         0  stubs.o ABSOLUTE
    _printf_widthprec                        0x00000000   Number         0  stubs.o ABSOLUTE
    _printf_x                                0x00000000   Number         0  stubs.o ABSOLUTE
    __cpp_initialize__aeabi_                  - Undefined Weak Reference
    __cxa_finalize                            - Undefined Weak Reference
    __decompress                              - Undefined Weak Reference
    _clock_init                               - Undefined Weak Reference
    _microlib_exit                            - Undefined Weak Reference
    __Vectors_End                            0x000001f4   Data           0  startup_m480.o(RESET)
    __Vectors_Size                           0x000001f4   Number         0  startup_m480.o ABSOLUTE
    __main                                   0x000001f5   Thumb Code     0  entry.o(.ARM.Collect$$$$00000000)
    _main_stk                                0x000001f5   Thumb Code     0  entry2.o(.ARM.Collect$$$$00000001)
    _main_scatterload                        0x000001f9   Thumb Code     0  entry5.o(.ARM.Collect$$$$00000004)
    __main_after_scatterload                 0x000001fd   Thumb Code     0  entry5.o(.ARM.Collect$$$$00000004)
    _main_clock                              0x000001fd   Thumb Code     0  entry7b.o(.ARM.Collect$$$$00000008)
    _main_cpp_init                           0x000001fd   Thumb Code     0  entry8b.o(.ARM.Collect$$$$0000000A)
    _main_init                               0x000001fd   Thumb Code     0  entry9a.o(.ARM.Collect$$$$0000000B)
    __rt_final_cpp                           0x00000205   Thumb Code     0  entry10a.o(.ARM.Collect$$$$0000000D)
    __rt_final_exit                          0x00000205   Thumb Code     0  entry11a.o(.ARM.Collect$$$$0000000F)
    HardFault_Handler                        0x00000209   Thumb Code    24  retarget.o(.emb_text)
    Reset_Handler                            0x00000225   Thumb Code    64  startup_m480.o(.text)
    NMI_Handler                              0x00000265   Thumb Code     2  startup_m480.o(.text)
    MemManage_Handler                        0x00000269   Thumb Code     2  startup_m480.o(.text)
    BusFault_Handler                         0x0000026b   Thumb Code     2  startup_m480.o(.text)
    UsageFault_Handler                       0x0000026d   Thumb Code     2  startup_m480.o(.text)
    SVC_Handler                              0x0000026f   Thumb Code     2  startup_m480.o(.text)
    DebugMon_Handler                         0x00000271   Thumb Code     2  startup_m480.o(.text)
    PendSV_Handler                           0x00000273   Thumb Code     2  startup_m480.o(.text)
    SysTick_Handler                          0x00000275   Thumb Code     2  startup_m480.o(.text)
    ACMP01_IRQHandler                        0x00000277   Thumb Code     0  startup_m480.o(.text)
    BOD_IRQHandler                           0x00000277   Thumb Code     0  startup_m480.o(.text)
    BPWM0_IRQHandler                         0x00000277   Thumb Code     0  startup_m480.o(.text)
    BPWM1_IRQHandler                         0x00000277   Thumb Code     0  startup_m480.o(.text)
    BRAKE0_IRQHandler                        0x00000277   Thumb Code     0  startup_m480.o(.text)
    BRAKE1_IRQHandler                        0x00000277   Thumb Code     0  startup_m480.o(.text)
    CAN0_IRQHandler                          0x00000277   Thumb Code     0  startup_m480.o(.text)
    CAN1_IRQHandler                          0x00000277   Thumb Code     0  startup_m480.o(.text)
    CAN2_IRQHandler                          0x00000277   Thumb Code     0  startup_m480.o(.text)
    CCAP_IRQHandler                          0x00000277   Thumb Code     0  startup_m480.o(.text)
    CKFAIL_IRQHandler                        0x00000277   Thumb Code     0  startup_m480.o(.text)
    CRYPTO_IRQHandler                        0x00000277   Thumb Code     0  startup_m480.o(.text)
    DAC_IRQHandler                           0x00000277   Thumb Code     0  startup_m480.o(.text)
    EADC01_IRQHandler                        0x00000277   Thumb Code     0  startup_m480.o(.text)
    EADC02_IRQHandler                        0x00000277   Thumb Code     0  startup_m480.o(.text)
    EADC03_IRQHandler                        0x00000277   Thumb Code     0  startup_m480.o(.text)
    EADC10_IRQHandler                        0x00000277   Thumb Code     0  startup_m480.o(.text)
    EADC11_IRQHandler                        0x00000277   Thumb Code     0  startup_m480.o(.text)
    EADC12_IRQHandler                        0x00000277   Thumb Code     0  startup_m480.o(.text)
    EADC13_IRQHandler                        0x00000277   Thumb Code     0  startup_m480.o(.text)
    ECAP0_IRQHandler                         0x00000277   Thumb Code     0  startup_m480.o(.text)
    ECAP1_IRQHandler                         0x00000277   Thumb Code     0  startup_m480.o(.text)
    EHCI_IRQHandler                          0x00000277   Thumb Code     0  startup_m480.o(.text)
    EINT0_IRQHandler                         0x00000277   Thumb Code     0  startup_m480.o(.text)
    EINT1_IRQHandler                         0x00000277   Thumb Code     0  startup_m480.o(.text)
    EINT2_IRQHandler                         0x00000277   Thumb Code     0  startup_m480.o(.text)
    EINT3_IRQHandler                         0x00000277   Thumb Code     0  startup_m480.o(.text)
    EINT4_IRQHandler                         0x00000277   Thumb Code     0  startup_m480.o(.text)
    EINT5_IRQHandler                         0x00000277   Thumb Code     0  startup_m480.o(.text)
    EINT6_IRQHandler                         0x00000277   Thumb Code     0  startup_m480.o(.text)
    EINT7_IRQHandler                         0x00000277   Thumb Code     0  startup_m480.o(.text)
    EMAC_RX_IRQHandler                       0x00000277   Thumb Code     0  startup_m480.o(.text)
    EMAC_TX_IRQHandler                       0x00000277   Thumb Code     0  startup_m480.o(.text)
    EPWM0P0_IRQHandler                       0x00000277   Thumb Code     0  startup_m480.o(.text)
    EPWM0P1_IRQHandler                       0x00000277   Thumb Code     0  startup_m480.o(.text)
    EPWM0P2_IRQHandler                       0x00000277   Thumb Code     0  startup_m480.o(.text)
    EPWM1P0_IRQHandler                       0x00000277   Thumb Code     0  startup_m480.o(.text)
    EPWM1P1_IRQHandler                       0x00000277   Thumb Code     0  startup_m480.o(.text)
    EPWM1P2_IRQHandler                       0x00000277   Thumb Code     0  startup_m480.o(.text)
    GPA_IRQHandler                           0x00000277   Thumb Code     0  startup_m480.o(.text)
    GPB_IRQHandler                           0x00000277   Thumb Code     0  startup_m480.o(.text)
    GPC_IRQHandler                           0x00000277   Thumb Code     0  startup_m480.o(.text)
    GPD_IRQHandler                           0x00000277   Thumb Code     0  startup_m480.o(.text)
    GPE_IRQHandler                           0x00000277   Thumb Code     0  startup_m480.o(.text)
    GPF_IRQHandler                           0x00000277   Thumb Code     0  startup_m480.o(.text)
    GPG_IRQHandler                           0x00000277   Thumb Code     0  startup_m480.o(.text)
    GPH_IRQHandler                           0x00000277   Thumb Code     0  startup_m480.o(.text)
    I2C0_IRQHandler                          0x00000277   Thumb Code     0  startup_m480.o(.text)
    I2C1_IRQHandler                          0x00000277   Thumb Code     0  startup_m480.o(.text)
    I2C2_IRQHandler                          0x00000277   Thumb Code     0  startup_m480.o(.text)
    I2S0_IRQHandler                          0x00000277   Thumb Code     0  startup_m480.o(.text)
    IRC_IRQHandler                           0x00000277   Thumb Code     0  startup_m480.o(.text)
    OHCI_IRQHandler                          0x00000277   Thumb Code     0  startup_m480.o(.text)
    OPA0_IRQHandler                          0x00000277   Thumb Code     0  startup_m480.o(.text)
    PWRWU_IRQHandler                         0x00000277   Thumb Code     0  startup_m480.o(.text)
    QEI0_IRQHandler                          0x00000277   Thumb Code     0  startup_m480.o(.text)
    QEI1_IRQHandler                          0x00000277   Thumb Code     0  startup_m480.o(.text)
    QSPI0_IRQHandler                         0x00000277   Thumb Code     0  startup_m480.o(.text)
    QSPI1_IRQHandler                         0x00000277   Thumb Code     0  startup_m480.o(.text)
    RAMPE_IRQHandler                         0x00000277   Thumb Code     0  startup_m480.o(.text)
    RTC_IRQHandler                           0x00000277   Thumb Code     0  startup_m480.o(.text)
    SC0_IRQHandler                           0x00000277   Thumb Code     0  startup_m480.o(.text)
    SC1_IRQHandler                           0x00000277   Thumb Code     0  startup_m480.o(.text)
    SC2_IRQHandler                           0x00000277   Thumb Code     0  startup_m480.o(.text)
    SDH0_IRQHandler                          0x00000277   Thumb Code     0  startup_m480.o(.text)
    SDH1_IRQHandler                          0x00000277   Thumb Code     0  startup_m480.o(.text)
    SPI1_IRQHandler                          0x00000277   Thumb Code     0  startup_m480.o(.text)
    SPI2_IRQHandler                          0x00000277   Thumb Code     0  startup_m480.o(.text)
    SPI3_IRQHandler                          0x00000277   Thumb Code     0  startup_m480.o(.text)
    SPIM_IRQHandler                          0x00000277   Thumb Code     0  startup_m480.o(.text)
    TAMPER_IRQHandler                        0x00000277   Thumb Code     0  startup_m480.o(.text)
    TMR0_IRQHandler                          0x00000277   Thumb Code     0  startup_m480.o(.text)
    TMR2_IRQHandler                          0x00000277   Thumb Code     0  startup_m480.o(.text)
    TMR3_IRQHandler                          0x00000277   Thumb Code     0  startup_m480.o(.text)
    TRNG_IRQHandler                          0x00000277   Thumb Code     0  startup_m480.o(.text)
    UART1_IRQHandler                         0x00000277   Thumb Code     0  startup_m480.o(.text)
    UART2_IRQHandler                         0x00000277   Thumb Code     0  startup_m480.o(.text)
    UART3_IRQHandler                         0x00000277   Thumb Code     0  startup_m480.o(.text)
    UART4_IRQHandler                         0x00000277   Thumb Code     0  startup_m480.o(.text)
    UART5_IRQHandler                         0x00000277   Thumb Code     0  startup_m480.o(.text)
    UART6_IRQHandler                         0x00000277   Thumb Code     0  startup_m480.o(.text)
    UART7_IRQHandler                         0x00000277   Thumb Code     0  startup_m480.o(.text)
    USBD20_IRQHandler                        0x00000277   Thumb Code     0  startup_m480.o(.text)
    USBD_IRQHandler                          0x00000277   Thumb Code     0  startup_m480.o(.text)
    USBOTG20_IRQHandler                      0x00000277   Thumb Code     0  startup_m480.o(.text)
    USBOTG_IRQHandler                        0x00000277   Thumb Code     0  startup_m480.o(.text)
    USCI0_IRQHandler                         0x00000277   Thumb Code     0  startup_m480.o(.text)
    USCI1_IRQHandler                         0x00000277   Thumb Code     0  startup_m480.o(.text)
    WDT_IRQHandler                           0x00000277   Thumb Code     0  startup_m480.o(.text)
    WWDT_IRQHandler                          0x00000277   Thumb Code     0  startup_m480.o(.text)
    rand                                     0x0000028d   Thumb Code    20  rand.o(.text)
    srand                                    0x000002a1   Thumb Code     6  rand.o(.text)
    __aeabi_memcpy                           0x000002b1   Thumb Code    36  memcpya.o(.text)
    __aeabi_memcpy4                          0x000002b1   Thumb Code     0  memcpya.o(.text)
    __aeabi_memcpy8                          0x000002b1   Thumb Code     0  memcpya.o(.text)
    __aeabi_uldivmod                         0x000002d5   Thumb Code    98  uldiv.o(.text)
    __scatterload                            0x00000339   Thumb Code    28  init.o(.text)
    __scatterload_rt2                        0x00000339   Thumb Code     0  init.o(.text)
    __aeabi_llsl                             0x0000035d   Thumb Code    30  llshl.o(.text)
    _ll_shift_l                              0x0000035d   Thumb Code     0  llshl.o(.text)
    __aeabi_llsr                             0x0000037b   Thumb Code    32  llushr.o(.text)
    _ll_ushift_r                             0x0000037b   Thumb Code     0  llushr.o(.text)
    ADC_InitChannel                          0x0000039d   Thumb Code   116  main.o(i.ADC_InitChannel)
    ADC_ReadChannel                          0x00000419   Thumb Code    74  main.o(i.ADC_ReadChannel)
    CLK_DisablePLL                           0x0000046d   Thumb Code    18  clk.o(i.CLK_DisablePLL)
    CLK_EnableModuleClock                    0x00000481   Thumb Code    24  clk.o(i.CLK_EnableModuleClock)
    CLK_EnablePLL                            0x0000049d   Thumb Code   308  clk.o(i.CLK_EnablePLL)
    CLK_EnableXtalRC                         0x000005f1   Thumb Code    16  clk.o(i.CLK_EnableXtalRC)
    CLK_GetCPUFreq                           0x00000601   Thumb Code    12  clk.o(i.CLK_GetCPUFreq)
    CLK_GetHCLKFreq                          0x00000611   Thumb Code    12  clk.o(i.CLK_GetHCLKFreq)
    CLK_GetHXTFreq                           0x00000621   Thumb Code    16  clk.o(i.CLK_GetHXTFreq)
    CLK_GetLXTFreq                           0x00000635   Thumb Code    22  clk.o(i.CLK_GetLXTFreq)
    CLK_GetPCLK0Freq                         0x0000064d   Thumb Code    96  clk.o(i.CLK_GetPCLK0Freq)
    CLK_GetPCLK1Freq                         0x000006b1   Thumb Code    98  clk.o(i.CLK_GetPCLK1Freq)
    CLK_GetPLLClockFreq                      0x00000719   Thumb Code    66  clk.o(i.CLK_GetPLLClockFreq)
    CLK_SetCoreClock                         0x00000769   Thumb Code   128  clk.o(i.CLK_SetCoreClock)
    CLK_SetHCLK                              0x000007ed   Thumb Code    98  clk.o(i.CLK_SetHCLK)
    CLK_SetModuleClock                       0x00000851   Thumb Code   140  clk.o(i.CLK_SetModuleClock)
    CLK_WaitClockReady                       0x000008e5   Thumb Code    52  clk.o(i.CLK_WaitClockReady)
    CRC8                                     0x00000921   Thumb Code    26  main.o(i.CRC8)
    Custom_Init                              0x00000941   Thumb Code    66  main.o(i.Custom_Init)
    EADC00_IRQHandler                        0x00000989   Thumb Code    20  main.o(i.EADC00_IRQHandler)
    EADC_ConfigSampleModule                  0x000009a5   Thumb Code    26  eadc.o(i.EADC_ConfigSampleModule)
    EADC_Open                                0x000009c5   Thumb Code    54  eadc.o(i.EADC_Open)
    EADC_SetExtendSampleTime                 0x00000a05   Thumb Code    24  eadc.o(i.EADC_SetExtendSampleTime)
    GPIO_SetMode                             0x00000a1d   Thumb Code    44  gpio.o(i.GPIO_SetMode)
    GPIO_SetSlewCtl                          0x00000a49   Thumb Code    44  gpio.o(i.GPIO_SetSlewCtl)
    Hard_Fault_Handler                       0x00000a75   Thumb Code    16  retarget.o(i.Hard_Fault_Handler)
    PDMA_EnableInt                           0x00000ab3   Thumb Code    52  pdma.o(i.PDMA_EnableInt)
    PDMA_IRQHandler                          0x00000ae9   Thumb Code    68  main.o(i.PDMA_IRQHandler)
    PDMA_Open                                0x00000b35   Thumb Code    44  pdma.o(i.PDMA_Open)
    PDMA_SetBurstType                        0x00000b65   Thumb Code    22  pdma.o(i.PDMA_SetBurstType)
    PDMA_SetTransferAddr                     0x00000b7b   Thumb Code    32  pdma.o(i.PDMA_SetTransferAddr)
    PDMA_SetTransferCnt                      0x00000b9d   Thumb Code    32  pdma.o(i.PDMA_SetTransferCnt)
    PDMA_SetTransferMode                     0x00000bc1   Thumb Code   310  pdma.o(i.PDMA_SetTransferMode)
    SPI0_IRQHandler                          0x00000d01   Thumb Code    50  main.o(i.SPI0_IRQHandler)
    SPI_ClearRxFIFO                          0x00000d41   Thumb Code    10  spi.o(i.SPI_ClearRxFIFO)
    SPI_DisableAutoSS                        0x00000d4b   Thumb Code    10  spi.o(i.SPI_DisableAutoSS)
    SPI_EnableInt                            0x00000d55   Thumb Code   122  spi.o(i.SPI_EnableInt)
    SPI_Master_Init                          0x00000dd1   Thumb Code    30  main.o(i.SPI_Master_Init)
    SPI_Master_TX                            0x00000df9   Thumb Code    50  main.o(i.SPI_Master_TX)
    SPI_Open                                 0x00000e31   Thumb Code   484  spi.o(i.SPI_Open)
    SPI_SetFIFO                              0x00001025   Thumb Code    18  spi.o(i.SPI_SetFIFO)
    SPI_Slave_Init                           0x00001039   Thumb Code    66  main.o(i.SPI_Slave_Init)
    SPI_Slave_Rx_PDMA_ClrBuffer              0x00001085   Thumb Code    10  main.o(i.SPI_Slave_Rx_PDMA_ClrBuffer)
    SPI_Slave_Rx_PDMA_Enable                 0x00001095   Thumb Code    84  main.o(i.SPI_Slave_Rx_PDMA_Enable)
    SPI_Slave_Rx_PDMA_Init                   0x000010f5   Thumb Code   122  main.o(i.SPI_Slave_Rx_PDMA_Init)
    SYS_Init                                 0x0000117d   Thumb Code   322  main.o(i.SYS_Init)
    SYS_ResetModule                          0x000012dd   Thumb Code    20  sys.o(i.SYS_ResetModule)
    SYS_SetVRef                              0x000012f5   Thumb Code    16  sys.o(i.SYS_SetVRef)
    SystemCoreClockUpdate                    0x00001325   Thumb Code    64  system_m480.o(i.SystemCoreClockUpdate)
    SystemInit                               0x0000136d   Thumb Code   108  system_m480.o(i.SystemInit)
    TIMER1_Init                              0x000013e5   Thumb Code    42  main.o(i.TIMER1_Init)
    TIMER_GetModuleClock                     0x00001415   Thumb Code   102  timer.o(i.TIMER_GetModuleClock)
    TIMER_Open                               0x0000148d   Thumb Code    54  timer.o(i.TIMER_Open)
    TMR1_IRQHandler                          0x000014c5   Thumb Code    54  main.o(i.TMR1_IRQHandler)
    UART0_IRQHandler                         0x00001509   Thumb Code    48  main.o(i.UART0_IRQHandler)
    UART0_Init                               0x0000153d   Thumb Code   124  main.o(i.UART0_Init)
    UART_ClearIntFlag                        0x00001645   Thumb Code    56  uart.o(i.UART_ClearIntFlag)
    UART_Open                                0x00001681   Thumb Code   246  uart.o(i.UART_Open)
    UART_SetTimeoutCnt                       0x00001799   Thumb Code    20  uart.o(i.UART_SetTimeoutCnt)
    UARTx_Process                            0x000017ad   Thumb Code    72  main.o(i.UARTx_Process)
    __0printf$8                              0x00001815   Thumb Code    22  printf8.o(i.__0printf$8)
    __1printf$8                              0x00001815   Thumb Code     0  printf8.o(i.__0printf$8)
    __2printf                                0x00001815   Thumb Code     0  printf8.o(i.__0printf$8)
    __scatterload_copy                       0x00001835   Thumb Code    14  handlers.o(i.__scatterload_copy)
    __scatterload_null                       0x00001843   Thumb Code     2  handlers.o(i.__scatterload_null)
    __scatterload_zeroinit                   0x00001845   Thumb Code    14  handlers.o(i.__scatterload_zeroinit)
    compare_buffer                           0x00001cb9   Thumb Code    76  main.o(i.compare_buffer)
    dump_buffer_hex                          0x00001d41   Thumb Code   102  main.o(i.dump_buffer_hex)
    fputc                                    0x00001dcd   Thumb Code    12  retarget.o(i.fputc)
    generate_random_SPI_TX_data              0x00001dd9   Thumb Code   112  main.o(i.generate_random_SPI_TX_data)
    loop                                     0x00001e55   Thumb Code    74  main.o(i.loop)
    main                                     0x00001ead   Thumb Code    44  main.o(i.main)
    prepare_seed                             0x00001ed9   Thumb Code    30  main.o(i.prepare_seed)
    random                                   0x00001efd   Thumb Code    40  main.o(i.random)
    reset_buffer                             0x00001f25   Thumb Code    14  main.o(i.reset_buffer)
    rng                                      0x00001f35   Thumb Code    38  main.o(i.rng)
    tick_counter                             0x00002009   Thumb Code    10  main.o(i.tick_counter)
    CRC8TAB                                  0x00002068   Data         256  main.o(.constdata)
    Region$$Table$$Base                      0x00002204   Number         0  anon$$obj.o(Region$$Table)
    Region$$Table$$Limit                     0x00002224   Number         0  anon$$obj.o(Region$$Table)
    SystemCoreClock                          0x20000000   Data           4  system_m480.o(.data)
    CyclesPerUs                              0x20000004   Data           4  system_m480.o(.data)
    PllClock                                 0x20000008   Data           4  system_m480.o(.data)
    gau32ClkSrcTbl                           0x2000000c   Data          32  system_m480.o(.data)
    __stdout                                 0x2000002c   Data           4  retarget.o(.data)
    g_CLK_i32ErrCode                         0x20000030   Data           4  clk.o(.data)
    g_EADC_i32ErrCode                        0x20000034   Data           4  eadc.o(.data)
    packetlen                                0x20000038   Data           2  main.o(.data)
    za                                       0x2000003a   Data           2  main.o(.data)
    zb                                       0x2000003c   Data           2  main.o(.data)
    zc                                       0x2000003e   Data           2  main.o(.data)
    zx                                       0x20000040   Data           2  main.o(.data)
    BitFlag                                  0x20000044   Data           4  main.o(.data)
    counter_tick                             0x20000048   Data           4  main.o(.data)
    g_au8MasterToSlaveTestPattern            0x20000060   Data          64  main.o(.bss)
    g_au8SlaveRxBuffer                       0x200000a0   Data          64  main.o(.bss)
    __initial_sp                             0x200008e0   Data           0  startup_m480.o(STACK)



==============================================================================

Memory Map of the image

  Image Entry point : 0x00000225

  Load Region LR_1 (Base: 0x00000000, Size: 0x00002274, Max: 0xffffffff, ABSOLUTE)

    Execution Region ER_RO (Exec base: 0x00000000, Load base: 0x00000000, Size: 0x00002224, Max: 0xffffffff, ABSOLUTE)

    Exec Addr    Load Addr    Size         Type   Attr      Idx    E Section Name        Object

    0x00000000   0x00000000   0x000001f4   Data   RO          327    RESET               startup_m480.o
    0x000001f4   0x000001f4   0x00000000   Code   RO         1697  * .ARM.Collect$$$$00000000  mc_w.l(entry.o)
    0x000001f4   0x000001f4   0x00000004   Code   RO         1966    .ARM.Collect$$$$00000001  mc_w.l(entry2.o)
    0x000001f8   0x000001f8   0x00000004   Code   RO         1969    .ARM.Collect$$$$00000004  mc_w.l(entry5.o)
    0x000001fc   0x000001fc   0x00000000   Code   RO         1971    .ARM.Collect$$$$00000008  mc_w.l(entry7b.o)
    0x000001fc   0x000001fc   0x00000000   Code   RO         1973    .ARM.Collect$$$$0000000A  mc_w.l(entry8b.o)
    0x000001fc   0x000001fc   0x00000008   Code   RO         1974    .ARM.Collect$$$$0000000B  mc_w.l(entry9a.o)
    0x00000204   0x00000204   0x00000000   Code   RO         1976    .ARM.Collect$$$$0000000D  mc_w.l(entry10a.o)
    0x00000204   0x00000204   0x00000000   Code   RO         1978    .ARM.Collect$$$$0000000F  mc_w.l(entry11a.o)
    0x00000204   0x00000204   0x00000004   Code   RO         1967    .ARM.Collect$$$$00002712  mc_w.l(entry2.o)
    0x00000208   0x00000208   0x0000001c   Code   RO          335    .emb_text           retarget.o
    0x00000224   0x00000224   0x00000068   Code   RO          328  * .text               startup_m480.o
    0x0000028c   0x0000028c   0x00000024   Code   RO         1698    .text               mc_w.l(rand.o)
    0x000002b0   0x000002b0   0x00000024   Code   RO         1701    .text               mc_w.l(memcpya.o)
    0x000002d4   0x000002d4   0x00000062   Code   RO         1982    .text               mc_w.l(uldiv.o)
    0x00000336   0x00000336   0x00000002   PAD
    0x00000338   0x00000338   0x00000024   Code   RO         1995    .text               mc_w.l(init.o)
    0x0000035c   0x0000035c   0x0000001e   Code   RO         1997    .text               mc_w.l(llshl.o)
    0x0000037a   0x0000037a   0x00000020   Code   RO         1999    .text               mc_w.l(llushr.o)
    0x0000039a   0x0000039a   0x00000002   PAD
    0x0000039c   0x0000039c   0x0000007c   Code   RO         1276    i.ADC_InitChannel   main.o
    0x00000418   0x00000418   0x00000054   Code   RO         1277    i.ADC_ReadChannel   main.o
    0x0000046c   0x0000046c   0x00000012   Code   RO          623    i.CLK_DisablePLL    clk.o
    0x0000047e   0x0000047e   0x00000002   PAD
    0x00000480   0x00000480   0x0000001c   Code   RO          628    i.CLK_EnableModuleClock  clk.o
    0x0000049c   0x0000049c   0x00000154   Code   RO          629    i.CLK_EnablePLL     clk.o
    0x000005f0   0x000005f0   0x00000010   Code   RO          632    i.CLK_EnableXtalRC  clk.o
    0x00000600   0x00000600   0x00000010   Code   RO          633    i.CLK_GetCPUFreq    clk.o
    0x00000610   0x00000610   0x00000010   Code   RO          634    i.CLK_GetHCLKFreq   clk.o
    0x00000620   0x00000620   0x00000014   Code   RO          635    i.CLK_GetHXTFreq    clk.o
    0x00000634   0x00000634   0x00000016   Code   RO          636    i.CLK_GetLXTFreq    clk.o
    0x0000064a   0x0000064a   0x00000002   PAD
    0x0000064c   0x0000064c   0x00000064   Code   RO          639    i.CLK_GetPCLK0Freq  clk.o
    0x000006b0   0x000006b0   0x00000068   Code   RO          640    i.CLK_GetPCLK1Freq  clk.o
    0x00000718   0x00000718   0x00000050   Code   RO          641    i.CLK_GetPLLClockFreq  clk.o
    0x00000768   0x00000768   0x00000084   Code   RO          645    i.CLK_SetCoreClock  clk.o
    0x000007ec   0x000007ec   0x00000062   Code   RO          646    i.CLK_SetHCLK       clk.o
    0x0000084e   0x0000084e   0x00000002   PAD
    0x00000850   0x00000850   0x00000094   Code   RO          647    i.CLK_SetModuleClock  clk.o
    0x000008e4   0x000008e4   0x0000003c   Code   RO          650    i.CLK_WaitClockReady  clk.o
    0x00000920   0x00000920   0x00000020   Code   RO         1278    i.CRC8              main.o
    0x00000940   0x00000940   0x00000048   Code   RO         1279    i.Custom_Init       main.o
    0x00000988   0x00000988   0x0000001c   Code   RO         1280    i.EADC00_IRQHandler  main.o
    0x000009a4   0x000009a4   0x00000020   Code   RO         1223    i.EADC_ConfigSampleModule  eadc.o
    0x000009c4   0x000009c4   0x00000040   Code   RO         1224    i.EADC_Open         eadc.o
    0x00000a04   0x00000a04   0x00000018   Code   RO         1225    i.EADC_SetExtendSampleTime  eadc.o
    0x00000a1c   0x00000a1c   0x0000002c   Code   RO          975    i.GPIO_SetMode      gpio.o
    0x00000a48   0x00000a48   0x0000002c   Code   RO          977    i.GPIO_SetSlewCtl   gpio.o
    0x00000a74   0x00000a74   0x00000028   Code   RO          336    i.Hard_Fault_Handler  retarget.o
    0x00000a9c   0x00000a9c   0x00000016   Code   RO         1281    i.NVIC_EnableIRQ    main.o
    0x00000ab2   0x00000ab2   0x00000034   Code   RO         1024    i.PDMA_EnableInt    pdma.o
    0x00000ae6   0x00000ae6   0x00000002   PAD
    0x00000ae8   0x00000ae8   0x0000004c   Code   RO         1282    i.PDMA_IRQHandler   main.o
    0x00000b34   0x00000b34   0x00000030   Code   RO         1026    i.PDMA_Open         pdma.o
    0x00000b64   0x00000b64   0x00000016   Code   RO         1027    i.PDMA_SetBurstType  pdma.o
    0x00000b7a   0x00000b7a   0x00000020   Code   RO         1031    i.PDMA_SetTransferAddr  pdma.o
    0x00000b9a   0x00000b9a   0x00000002   PAD
    0x00000b9c   0x00000b9c   0x00000024   Code   RO         1032    i.PDMA_SetTransferCnt  pdma.o
    0x00000bc0   0x00000bc0   0x00000140   Code   RO         1033    i.PDMA_SetTransferMode  pdma.o
    0x00000d00   0x00000d00   0x00000040   Code   RO         1283    i.SPI0_IRQHandler   main.o
    0x00000d40   0x00000d40   0x0000000a   Code   RO          833    i.SPI_ClearRxFIFO   spi.o
    0x00000d4a   0x00000d4a   0x0000000a   Code   RO          836    i.SPI_DisableAutoSS  spi.o
    0x00000d54   0x00000d54   0x0000007a   Code   RO          839    i.SPI_EnableInt     spi.o
    0x00000dce   0x00000dce   0x00000002   PAD
    0x00000dd0   0x00000dd0   0x00000028   Code   RO         1284    i.SPI_Master_Init   main.o
    0x00000df8   0x00000df8   0x00000038   Code   RO         1285    i.SPI_Master_TX     main.o
    0x00000e30   0x00000e30   0x000001f4   Code   RO          843    i.SPI_Open          spi.o
    0x00001024   0x00001024   0x00000012   Code   RO          845    i.SPI_SetFIFO       spi.o
    0x00001036   0x00001036   0x00000002   PAD
    0x00001038   0x00001038   0x0000004c   Code   RO         1286    i.SPI_Slave_Init    main.o
    0x00001084   0x00001084   0x00000010   Code   RO         1287    i.SPI_Slave_Rx_PDMA_ClrBuffer  main.o
    0x00001094   0x00001094   0x00000060   Code   RO         1288    i.SPI_Slave_Rx_PDMA_Enable  main.o
    0x000010f4   0x000010f4   0x00000088   Code   RO         1289    i.SPI_Slave_Rx_PDMA_Init  main.o
    0x0000117c   0x0000117c   0x00000160   Code   RO         1290    i.SYS_Init          main.o
    0x000012dc   0x000012dc   0x00000018   Code   RO          540    i.SYS_ResetModule   sys.o
    0x000012f4   0x000012f4   0x00000010   Code   RO          542    i.SYS_SetVRef       sys.o
    0x00001304   0x00001304   0x00000020   Code   RO          338    i.SendChar          retarget.o
    0x00001324   0x00001324   0x00000048   Code   RO            4    i.SystemCoreClockUpdate  system_m480.o
    0x0000136c   0x0000136c   0x00000078   Code   RO            5    i.SystemInit        system_m480.o
    0x000013e4   0x000013e4   0x00000030   Code   RO         1291    i.TIMER1_Init       main.o
    0x00001414   0x00001414   0x00000078   Code   RO         1133    i.TIMER_GetModuleClock  timer.o
    0x0000148c   0x0000148c   0x00000036   Code   RO         1134    i.TIMER_Open        timer.o
    0x000014c2   0x000014c2   0x00000002   PAD
    0x000014c4   0x000014c4   0x00000044   Code   RO         1292    i.TMR1_IRQHandler   main.o
    0x00001508   0x00001508   0x00000034   Code   RO         1293    i.UART0_IRQHandler  main.o
    0x0000153c   0x0000153c   0x00000108   Code   RO         1294    i.UART0_Init        main.o
    0x00001644   0x00001644   0x0000003c   Code   RO          428    i.UART_ClearIntFlag  uart.o
    0x00001680   0x00001680   0x00000118   Code   RO          434    i.UART_Open         uart.o
    0x00001798   0x00001798   0x00000014   Code   RO          440    i.UART_SetTimeoutCnt  uart.o
    0x000017ac   0x000017ac   0x00000068   Code   RO         1295    i.UARTx_Process     main.o
    0x00001814   0x00001814   0x00000020   Code   RO         1912    i.__0printf$8       mc_w.l(printf8.o)
    0x00001834   0x00001834   0x0000000e   Code   RO         2007    i.__scatterload_copy  mc_w.l(handlers.o)
    0x00001842   0x00001842   0x00000002   Code   RO         2008    i.__scatterload_null  mc_w.l(handlers.o)
    0x00001844   0x00001844   0x0000000e   Code   RO         2009    i.__scatterload_zeroinit  mc_w.l(handlers.o)
    0x00001852   0x00001852   0x00000002   PAD
    0x00001854   0x00001854   0x00000410   Code   RO         1919    i._printf_core      mc_w.l(printf8.o)
    0x00001c64   0x00001c64   0x00000024   Code   RO         1920    i._printf_post_padding  mc_w.l(printf8.o)
    0x00001c88   0x00001c88   0x0000002e   Code   RO         1921    i._printf_pre_padding  mc_w.l(printf8.o)
    0x00001cb6   0x00001cb6   0x00000002   PAD
    0x00001cb8   0x00001cb8   0x00000088   Code   RO         1296    i.compare_buffer    main.o
    0x00001d40   0x00001d40   0x0000008c   Code   RO         1299    i.dump_buffer_hex   main.o
    0x00001dcc   0x00001dcc   0x0000000c   Code   RO          342    i.fputc             retarget.o
    0x00001dd8   0x00001dd8   0x0000007c   Code   RO         1300    i.generate_random_SPI_TX_data  main.o
    0x00001e54   0x00001e54   0x00000058   Code   RO         1302    i.loop              main.o
    0x00001eac   0x00001eac   0x0000002c   Code   RO         1303    i.main              main.o
    0x00001ed8   0x00001ed8   0x00000024   Code   RO         1304    i.prepare_seed      main.o
    0x00001efc   0x00001efc   0x00000028   Code   RO         1305    i.random            main.o
    0x00001f24   0x00001f24   0x0000000e   Code   RO         1306    i.reset_buffer      main.o
    0x00001f32   0x00001f32   0x00000002   PAD
    0x00001f34   0x00001f34   0x0000002c   Code   RO         1307    i.rng               main.o
    0x00001f60   0x00001f60   0x000000a8   Code   RO          344    i.stackDump         retarget.o
    0x00002008   0x00002008   0x00000010   Code   RO         1309    i.tick_counter      main.o
    0x00002018   0x00002018   0x00000030   Data   RO          442    .constdata          uart.o
    0x00002048   0x00002048   0x00000020   Data   RO         1138    .constdata          timer.o
    0x00002068   0x00002068   0x0000010f   Data   RO         1311    .constdata          main.o
    0x00002177   0x00002177   0x00000001   PAD
    0x00002178   0x00002178   0x0000008a   Data   RO         1312    .conststring        main.o
    0x00002202   0x00002202   0x00000002   PAD
    0x00002204   0x00002204   0x00000020   Data   RO         2005    Region$$Table       anon$$obj.o


    Execution Region ER_RW (Exec base: 0x20000000, Load base: 0x00002224, Size: 0x00000050, Max: 0xffffffff, ABSOLUTE)

    Exec Addr    Load Addr    Size         Type   Attr      Idx    E Section Name        Object

    0x20000000   0x00002224   0x0000002c   Data   RW            6    .data               system_m480.o
    0x2000002c   0x00002250   0x00000004   Data   RW          345    .data               retarget.o
    0x20000030   0x00002254   0x00000004   Data   RW          652    .data               clk.o
    0x20000034   0x00002258   0x00000004   Data   RW         1227    .data               eadc.o
    0x20000038   0x0000225c   0x00000014   Data   RW         1313    .data               main.o
    0x2000004c   0x00002270   0x00000004   Data   RW         1699    .data               mc_w.l(rand.o)


    Execution Region ER_ZI (Exec base: 0x20000050, Load base: 0x00002274, Size: 0x00000890, Max: 0xffffffff, ABSOLUTE)

    Exec Addr    Load Addr    Size         Type   Attr      Idx    E Section Name        Object

    0x20000050        -       0x00000010   Zero   RW         1035    .bss                pdma.o
    0x20000060        -       0x00000080   Zero   RW         1310    .bss                main.o
    0x200000e0        -       0x00000800   Zero   RW          325    STACK               startup_m480.o


==============================================================================

Image component sizes


      Code (inc. data)   RO Data    RW Data    ZI Data      Debug   Object Name

      1198         92          0          4          0      12128   clk.o
       120         16          0          4          0       2781   eadc.o
        88          0          0          0          0       1829   gpio.o
      2492        486        409         20        128     166367   main.o
       510         34          0          0         16       5197   pdma.o
       280        130          0          4          0       5059   retarget.o
       660         16          0          0          0       4355   spi.o
       104         20        500          0       2048        956   startup_m480.o
        40          4          0          0          0       1200   sys.o
       192         20          0         44          0     103167   system_m480.o
       174         18         32          0          0       2184   timer.o
       360         38         48          0          0       2757   uart.o

    ----------------------------------------------------------------------
      6236        874       1024         76       2192     307980   Object Totals
         0          0         32          0          0          0   (incl. Generated)
        18          0          3          0          0          0   (incl. Padding)

    ----------------------------------------------------------------------

      Code (inc. data)   RO Data    RW Data    ZI Data      Debug   Library Member Name

         0          0          0          0          0          0   entry.o
         0          0          0          0          0          0   entry10a.o
         0          0          0          0          0          0   entry11a.o
         8          4          0          0          0          0   entry2.o
         4          0          0          0          0          0   entry5.o
         0          0          0          0          0          0   entry7b.o
         0          0          0          0          0          0   entry8b.o
         8          4          0          0          0          0   entry9a.o
        30          0          0          0          0          0   handlers.o
        36          8          0          0          0         68   init.o
        30          0          0          0          0         68   llshl.o
        32          0          0          0          0         68   llushr.o
        36          0          0          0          0         68   memcpya.o
      1154         54          0          0          0        352   printf8.o
        36         10          0          4          0        136   rand.o
        98          0          0          0          0         92   uldiv.o

    ----------------------------------------------------------------------
      1480         80          0          4          0        852   Library Totals
         8          0          0          0          0          0   (incl. Padding)

    ----------------------------------------------------------------------

      Code (inc. data)   RO Data    RW Data    ZI Data      Debug   Library Name

      1472         80          0          4          0        852   mc_w.l

    ----------------------------------------------------------------------
      1480         80          0          4          0        852   Library Totals

    ----------------------------------------------------------------------

==============================================================================


      Code (inc. data)   RO Data    RW Data    ZI Data      Debug   

      7716        954       1024         80       2192     301824   Grand Totals
      7716        954       1024         80       2192     301824   ELF Image Totals
      7716        954       1024         80          0          0   ROM Totals

==============================================================================

    Total RO  Size (Code + RO Data)                 8740 (   8.54kB)
    Total RW  Size (RW Data + ZI Data)              2272 (   2.22kB)
    Total ROM Size (Code + RO Data + RW Data)       8820 (   8.61kB)

==============================================================================

